// Jest Snapshot v1, https://goo.gl/fbAQLP

exports[`NewPlaceScreen component tests NewPlaceScreen component renders correctly 1`] = `
<RCTScrollView>
  <View>
    <View
      style={
        Object {
          "margin": 30,
        }
      }
    >
      <Text
        style={
          Object {
            "fontSize": 18,
            "marginBottom": 15,
          }
        }
      >
        Title
      </Text>
      <TextInput
        allowFontScaling={true}
        onChangeText={[Function]}
        rejectResponderTermination={true}
        style={
          Object {
            "borderBottomColor": "#ccc",
            "borderBottomWidth": 1,
            "marginBottom": 15,
            "paddingHorizontal": 2,
            "paddingVertical": 4,
          }
        }
        underlineColorAndroid="transparent"
        value=""
      />
      <View
        style={
          Object {
            "alignItems": "center",
            "marginBottom": 15,
          }
        }
      >
        <View
          style={
            Object {
              "alignItems": "center",
              "borderColor": "#ccc",
              "borderWidth": 1,
              "height": 200,
              "justifyContent": "center",
              "marginBottom": 10,
              "width": "100%",
            }
          }
        >
          <Text>
            No image picked yet.
          </Text>
        </View>
        <View
          accessibilityRole="button"
          accessibilityState={Object {}}
          accessible={true}
          focusable={true}
          onClick={[Function]}
          onResponderGrant={[Function]}
          onResponderMove={[Function]}
          onResponderRelease={[Function]}
          onResponderTerminate={[Function]}
          onResponderTerminationRequest={[Function]}
          onStartShouldSetResponder={[Function]}
          style={
            Object {
              "opacity": 1,
            }
          }
        >
          <View
            style={
              Array [
                Object {},
              ]
            }
          >
            <Text
              style={
                Array [
                  Object {
                    "color": "#007AFF",
                    "fontSize": 18,
                    "margin": 8,
                    "textAlign": "center",
                  },
                  Object {
                    "color": "#fc9208",
                  },
                ]
              }
            >
              Take image
            </Text>
          </View>
        </View>
      </View>
      <View
        style={
          Object {
            "marginBottom": 15,
          }
        }
      >
        <View
          accessible={true}
          focusable={true}
          onClick={[Function]}
          onResponderGrant={[Function]}
          onResponderMove={[Function]}
          onResponderRelease={[Function]}
          onResponderTerminate={[Function]}
          onResponderTerminationRequest={[Function]}
          onStartShouldSetResponder={[Function]}
          style={
            Object {
              "alignItems": "center",
              "borderColor": "#ccc",
              "borderWidth": 1,
              "height": 150,
              "justifyContent": "center",
              "marginBottom": 10,
              "opacity": 1,
              "width": "100%",
            }
          }
        >
          <Text>
            No location chosen yet
          </Text>
        </View>
        <View
          style={
            Object {
              "flexDirection": "row",
              "justifyContent": "space-around",
              "width": "100%",
            }
          }
        >
          <View
            accessibilityRole="button"
            accessibilityState={Object {}}
            accessible={true}
            focusable={true}
            onClick={[Function]}
            onResponderGrant={[Function]}
            onResponderMove={[Function]}
            onResponderRelease={[Function]}
            onResponderTerminate={[Function]}
            onResponderTerminationRequest={[Function]}
            onStartShouldSetResponder={[Function]}
            style={
              Object {
                "opacity": 1,
              }
            }
          >
            <View
              style={
                Array [
                  Object {},
                ]
              }
            >
              <Text
                style={
                  Array [
                    Object {
                      "color": "#007AFF",
                      "fontSize": 18,
                      "margin": 8,
                      "textAlign": "center",
                    },
                    Object {
                      "color": "#fc9208",
                    },
                  ]
                }
              >
                Get user location
              </Text>
            </View>
          </View>
          <View
            accessibilityRole="button"
            accessibilityState={Object {}}
            accessible={true}
            focusable={true}
            onClick={[Function]}
            onResponderGrant={[Function]}
            onResponderMove={[Function]}
            onResponderRelease={[Function]}
            onResponderTerminate={[Function]}
            onResponderTerminationRequest={[Function]}
            onStartShouldSetResponder={[Function]}
            style={
              Object {
                "opacity": 1,
              }
            }
          >
            <View
              style={
                Array [
                  Object {},
                ]
              }
            >
              <Text
                style={
                  Array [
                    Object {
                      "color": "#007AFF",
                      "fontSize": 18,
                      "margin": 8,
                      "textAlign": "center",
                    },
                    Object {
                      "color": "#fc9208",
                    },
                  ]
                }
              >
                Pick on Map
              </Text>
            </View>
          </View>
        </View>
      </View>
      <View
        accessibilityRole="button"
        accessibilityState={Object {}}
        accessible={true}
        focusable={true}
        onClick={[Function]}
        onResponderGrant={[Function]}
        onResponderMove={[Function]}
        onResponderRelease={[Function]}
        onResponderTerminate={[Function]}
        onResponderTerminationRequest={[Function]}
        onStartShouldSetResponder={[Function]}
        style={
          Object {
            "opacity": 1,
          }
        }
      >
        <View
          style={
            Array [
              Object {},
            ]
          }
        >
          <Text
            style={
              Array [
                Object {
                  "color": "#007AFF",
                  "fontSize": 18,
                  "margin": 8,
                  "textAlign": "center",
                },
                Object {
                  "color": "#fc9208",
                },
              ]
            }
          >
            Save Place
          </Text>
        </View>
      </View>
    </View>
  </View>
</RCTScrollView>
`;

exports[`NewPlaceScreen tests NewPlaceScreen renders correctly 1`] = `
<RCTScrollView>
  <View>
    <View
      style={
        Object {
          "margin": 30,
        }
      }
    >
      <Text
        style={
          Object {
            "fontSize": 18,
            "marginBottom": 15,
          }
        }
      >
        Title
      </Text>
      <TextInput
        allowFontScaling={true}
        onChangeText={[Function]}
        rejectResponderTermination={true}
        style={
          Object {
            "borderBottomColor": "#ccc",
            "borderBottomWidth": 1,
            "marginBottom": 15,
            "paddingHorizontal": 2,
            "paddingVertical": 4,
          }
        }
        underlineColorAndroid="transparent"
        value=""
      />
      <View
        style={
          Object {
            "alignItems": "center",
            "marginBottom": 15,
          }
        }
      >
        <View
          style={
            Object {
              "alignItems": "center",
              "borderColor": "#ccc",
              "borderWidth": 1,
              "height": 200,
              "justifyContent": "center",
              "marginBottom": 10,
              "width": "100%",
            }
          }
        >
          <Text>
            No image picked yet.
          </Text>
        </View>
        <View
          accessibilityRole="button"
          accessibilityState={Object {}}
          accessible={true}
          focusable={true}
          onClick={[Function]}
          onResponderGrant={[Function]}
          onResponderMove={[Function]}
          onResponderRelease={[Function]}
          onResponderTerminate={[Function]}
          onResponderTerminationRequest={[Function]}
          onStartShouldSetResponder={[Function]}
          style={
            Object {
              "opacity": 1,
            }
          }
        >
          <View
            style={
              Array [
                Object {},
              ]
            }
          >
            <Text
              style={
                Array [
                  Object {
                    "color": "#007AFF",
                    "fontSize": 18,
                    "margin": 8,
                    "textAlign": "center",
                  },
                  Object {
                    "color": "#fc9208",
                  },
                ]
              }
            >
              Take image
            </Text>
          </View>
        </View>
      </View>
      <View
        style={
          Object {
            "marginBottom": 15,
          }
        }
      >
        <View
          accessible={true}
          focusable={true}
          onClick={[Function]}
          onResponderGrant={[Function]}
          onResponderMove={[Function]}
          onResponderRelease={[Function]}
          onResponderTerminate={[Function]}
          onResponderTerminationRequest={[Function]}
          onStartShouldSetResponder={[Function]}
          style={
            Object {
              "alignItems": "center",
              "borderColor": "#ccc",
              "borderWidth": 1,
              "height": 150,
              "justifyContent": "center",
              "marginBottom": 10,
              "opacity": 1,
              "width": "100%",
            }
          }
        >
          <Text>
            No location chosen yet
          </Text>
        </View>
        <View
          style={
            Object {
              "flexDirection": "row",
              "justifyContent": "space-around",
              "width": "100%",
            }
          }
        >
          <View
            accessibilityRole="button"
            accessibilityState={Object {}}
            accessible={true}
            focusable={true}
            onClick={[Function]}
            onResponderGrant={[Function]}
            onResponderMove={[Function]}
            onResponderRelease={[Function]}
            onResponderTerminate={[Function]}
            onResponderTerminationRequest={[Function]}
            onStartShouldSetResponder={[Function]}
            style={
              Object {
                "opacity": 1,
              }
            }
          >
            <View
              style={
                Array [
                  Object {},
                ]
              }
            >
              <Text
                style={
                  Array [
                    Object {
                      "color": "#007AFF",
                      "fontSize": 18,
                      "margin": 8,
                      "textAlign": "center",
                    },
                    Object {
                      "color": "#fc9208",
                    },
                  ]
                }
              >
                Get user location
              </Text>
            </View>
          </View>
          <View
            accessibilityRole="button"
            accessibilityState={Object {}}
            accessible={true}
            focusable={true}
            onClick={[Function]}
            onResponderGrant={[Function]}
            onResponderMove={[Function]}
            onResponderRelease={[Function]}
            onResponderTerminate={[Function]}
            onResponderTerminationRequest={[Function]}
            onStartShouldSetResponder={[Function]}
            style={
              Object {
                "opacity": 1,
              }
            }
          >
            <View
              style={
                Array [
                  Object {},
                ]
              }
            >
              <Text
                style={
                  Array [
                    Object {
                      "color": "#007AFF",
                      "fontSize": 18,
                      "margin": 8,
                      "textAlign": "center",
                    },
                    Object {
                      "color": "#fc9208",
                    },
                  ]
                }
              >
                Pick on Map
              </Text>
            </View>
          </View>
        </View>
      </View>
      <View
        accessibilityRole="button"
        accessibilityState={Object {}}
        accessible={true}
        focusable={true}
        onClick={[Function]}
        onResponderGrant={[Function]}
        onResponderMove={[Function]}
        onResponderRelease={[Function]}
        onResponderTerminate={[Function]}
        onResponderTerminationRequest={[Function]}
        onStartShouldSetResponder={[Function]}
        style={
          Object {
            "opacity": 1,
          }
        }
      >
        <View
          style={
            Array [
              Object {},
            ]
          }
        >
          <Text
            style={
              Array [
                Object {
                  "color": "#007AFF",
                  "fontSize": 18,
                  "margin": 8,
                  "textAlign": "center",
                },
                Object {
                  "color": "#fc9208",
                },
              ]
            }
          >
            Save Place
          </Text>
        </View>
      </View>
    </View>
  </View>
</RCTScrollView>
`;
